[    9867ms] [LOG] %c                                        
        X0X               XK000KKX      
    XOxo::O           XOdlc::::::coxK   
  Kdc;:c:;k        0kd:;:loooodoolc;:k  
Nk:;codoc;lK     Xd;,;cdddoooooooooc;cK 
0:;oddoolc;ckX  Kl;cloddoooooooooooc;lX 
Kc,cooooool:;:odc,cdxdoooolc::loooc;c0  
 Ko;;:cllooolcc:;cddoooooc;;;:loc;;oK   
   Kxoc;;;;::cllodxdoodol::::;;;cd0     
      NK0kdolc,'cxxdddd:';cloxOK        
             K:'okxxxxl';0   NOkOKN     
             0;'dkxxkx:.d    O,':cclO   
             K:.oOkkkx;.x  Nk;'lOOd,'dN 
              o.:kOkkko',lo:';dOOOk:.;0 
              K;.lOOOOOxlc:lxO0OOOd..lX 
               0;.ckOOOOO0000OO0Oo'.:0  
                Kl'';cdkOO0OOOxl,.'oK   
                  Kdlc,,,,;;,''';dK     
                      X0kdooodkKN        background-color: black; color: lime; font-family: 'Courier New'; padding-bottom: 10px @ https://chaturbate.com/livecampreview/?__trctx=0658d017ad9ca86dbb2335&campaign=fdXb5&disable_sound=0&inhit_token=eyJjYW1wYWlnbiI6ImZkWGI1IiwiZ2VuZGVyIjoiZiIsInRvdXIiOiJBdHMyIiwidHJhY2siOiJkaW50X3RyX3NleC5jb21fd3dfMTExNjQxXzEzNzQxMSJ9%3A1wtyQM%3A9mNw4sMtg1dyWAKyAnh4ioMr2LQxQhV_QxtIiVbDiPM&tour=Ats2&track=dint_tr_sex.com_ww_111641_137411&room=keirasworld:7
[    9867ms] [LOG] 


 @ https://chaturbate.com/livecampreview/?__trctx=0658d017ad9ca86dbb2335&campaign=fdXb5&disable_sound=0&inhit_token=eyJjYW1wYWlnbiI6ImZkWGI1IiwiZ2VuZGVyIjoiZiIsInRvdXIiOiJBdHMyIiwidHJhY2siOiJkaW50X3RyX3NleC5jb21fd3dfMTExNjQxXzEzNzQxMSJ9%3A1wtyQM%3A9mNw4sMtg1dyWAKyAnh4ioMr2LQxQhV_QxtIiVbDiPM&tour=Ats2&track=dint_tr_sex.com_ww_111641_137411&room=keirasworld:7
[    9867ms] [LOG] %cCheck out jobs() and apps() background-color: black; color: lime; padding: 5px 50px 5px 20px; font-family: 'Courier New' @ https://chaturbate.com/livecampreview/?__trctx=0658d017ad9ca86dbb2335&campaign=fdXb5&disable_sound=0&inhit_token=eyJjYW1wYWlnbiI6ImZkWGI1IiwiZ2VuZGVyIjoiZiIsInRvdXIiOiJBdHMyIiwidHJhY2siOiJkaW50X3RyX3NleC5jb21fd3dfMTExNjQxXzEzNzQxMSJ9%3A1wtyQM%3A9mNw4sMtg1dyWAKyAnh4ioMr2LQxQhV_QxtIiVbDiPM&tour=Ats2&track=dint_tr_sex.com_ww_111641_137411&room=keirasworld:7
[   11660ms] [ERROR] Failed to load resource: the server responded with a status of 403 () @ https://chaturbate.com/fossil/i/:0
[   12460ms] [ERROR] Provider's accounts list is empty. @ https://www.sex.com/en:0
[   12644ms] [ERROR] [GSI_LOGGER]: FedCM get() rejects with NetworkError: Error retrieving a token. @ https://staticp2.sxccdn.com/_next/static/chunks/92112-0e4f7c5766c1d803.js:2
[   24375ms] [ERROR] Access to XMLHttpRequest at 'https://syndication.traffichaus.com/save.php?a=view&tracking_event=progress&progress=00:00:10.000&idzone=960733&data=none' from origin 'https://www.sex.com' has been blocked by CORS policy: No 'Access-Control-Allow-Origin' header is present on the requested resource. @ about:blank:0
[   24375ms] [WARNING] XMLHttpRequest wrong status code: 0 @ https://s.ad.twinrdengine.com/rmp-vast.min.js:0
[   24375ms] [ERROR] Failed to load resource: net::ERR_FAILED @ https://syndication.traffichaus.com/save.php?a=view&tracking_event=progress&progress=00:00:10.000&idzone=960733&data=none:0
[   29235ms] [WARNING] The resource https://staticp2.sxccdn.com/_next/static/media/eafabf029ad39a43-s.p.woff2 was preloaded using link preload but not used within a few seconds from the window's load event. Please make sure it has an appropriate `as` value and it is preloaded intentionally. @ https://www.sex.com/en/videos?search=chair+orgasm:0
[   29235ms] [WARNING] The resource https://staticp2.sxccdn.com/_next/static/media/8888a3826f4a3af4-s.p.woff2 was preloaded using link preload but not used within a few seconds from the window's load event. Please make sure it has an appropriate `as` value and it is preloaded intentionally. @ https://www.sex.com/en/videos?search=chair+orgasm:0
[   29235ms] [WARNING] The resource https://staticp2.sxccdn.com/_next/static/media/0484562807a97172-s.p.woff2 was preloaded using link preload but not used within a few seconds from the window's load event. Please make sure it has an appropriate `as` value and it is preloaded intentionally. @ https://www.sex.com/en/videos?search=chair+orgasm:0
[   29235ms] [WARNING] The resource https://staticp2.sxccdn.com/_next/static/media/b957ea75a84b6ea7-s.p.woff2 was preloaded using link preload but not used within a few seconds from the window's load event. Please make sure it has an appropriate `as` value and it is preloaded intentionally. @ https://www.sex.com/en/videos?search=chair+orgasm:0
[   32426ms] [WARNING] The resource https://staticp2.sxccdn.com/_next/static/media/eafabf029ad39a43-s.p.woff2 was preloaded using link preload but not used within a few seconds from the window's load event. Please make sure it has an appropriate `as` value and it is preloaded intentionally. @ https://www.sex.com/en/videos?search=chair+orgasm:0
[   32426ms] [WARNING] The resource https://staticp2.sxccdn.com/_next/static/media/8888a3826f4a3af4-s.p.woff2 was preloaded using link preload but not used within a few seconds from the window's load event. Please make sure it has an appropriate `as` value and it is preloaded intentionally. @ https://www.sex.com/en/videos?search=chair+orgasm:0
[   32426ms] [WARNING] The resource https://staticp2.sxccdn.com/_next/static/media/0484562807a97172-s.p.woff2 was preloaded using link preload but not used within a few seconds from the window's load event. Please make sure it has an appropriate `as` value and it is preloaded intentionally. @ https://www.sex.com/en/videos?search=chair+orgasm:0
[   32426ms] [WARNING] The resource https://staticp2.sxccdn.com/_next/static/media/b957ea75a84b6ea7-s.p.woff2 was preloaded using link preload but not used within a few seconds from the window's load event. Please make sure it has an appropriate `as` value and it is preloaded intentionally. @ https://www.sex.com/en/videos?search=chair+orgasm:0
[   52606ms] [WARNING] The resource https://staticp2.sxccdn.com/_next/static/media/eafabf029ad39a43-s.p.woff2 was preloaded using link preload but not used within a few seconds from the window's load event. Please make sure it has an appropriate `as` value and it is preloaded intentionally. @ https://www.sex.com/en/videos?search=chair+orgasm:0
[   52606ms] [WARNING] The resource https://staticp2.sxccdn.com/_next/static/media/8888a3826f4a3af4-s.p.woff2 was preloaded using link preload but not used within a few seconds from the window's load event. Please make sure it has an appropriate `as` value and it is preloaded intentionally. @ https://www.sex.com/en/videos?search=chair+orgasm:0
[   52606ms] [WARNING] The resource https://staticp2.sxccdn.com/_next/static/media/0484562807a97172-s.p.woff2 was preloaded using link preload but not used within a few seconds from the window's load event. Please make sure it has an appropriate `as` value and it is preloaded intentionally. @ https://www.sex.com/en/videos?search=chair+orgasm:0
[   52606ms] [WARNING] The resource https://staticp2.sxccdn.com/_next/static/media/b957ea75a84b6ea7-s.p.woff2 was preloaded using link preload but not used within a few seconds from the window's load event. Please make sure it has an appropriate `as` value and it is preloaded intentionally. @ https://www.sex.com/en/videos?search=chair+orgasm:0
[   58885ms] [WARNING] The resource https://staticp2.sxccdn.com/_next/static/media/eafabf029ad39a43-s.p.woff2 was preloaded using link preload but not used within a few seconds from the window's load event. Please make sure it has an appropriate `as` value and it is preloaded intentionally. @ https://www.sex.com/en/videos?search=chair+orgasm:0
[   58885ms] [WARNING] The resource https://staticp2.sxccdn.com/_next/static/media/8888a3826f4a3af4-s.p.woff2 was preloaded using link preload but not used within a few seconds from the window's load event. Please make sure it has an appropriate `as` value and it is preloaded intentionally. @ https://www.sex.com/en/videos?search=chair+orgasm:0
[   58885ms] [WARNING] The resource https://staticp2.sxccdn.com/_next/static/media/0484562807a97172-s.p.woff2 was preloaded using link preload but not used within a few seconds from the window's load event. Please make sure it has an appropriate `as` value and it is preloaded intentionally. @ https://www.sex.com/en/videos?search=chair+orgasm:0
[   58885ms] [WARNING] The resource https://staticp2.sxccdn.com/_next/static/media/b957ea75a84b6ea7-s.p.woff2 was preloaded using link preload but not used within a few seconds from the window's load event. Please make sure it has an appropriate `as` value and it is preloaded intentionally. @ https://www.sex.com/en/videos?search=chair+orgasm:0
[   71929ms] [WARNING] The resource https://staticp2.sxccdn.com/_next/static/media/eafabf029ad39a43-s.p.woff2 was preloaded using link preload but not used within a few seconds from the window's load event. Please make sure it has an appropriate `as` value and it is preloaded intentionally. @ https://www.sex.com/en/videos?search=chair+orgasm:0
[   71929ms] [WARNING] The resource https://staticp2.sxccdn.com/_next/static/media/8888a3826f4a3af4-s.p.woff2 was preloaded using link preload but not used within a few seconds from the window's load event. Please make sure it has an appropriate `as` value and it is preloaded intentionally. @ https://www.sex.com/en/videos?search=chair+orgasm:0
[   71929ms] [WARNING] The resource https://staticp2.sxccdn.com/_next/static/media/0484562807a97172-s.p.woff2 was preloaded using link preload but not used within a few seconds from the window's load event. Please make sure it has an appropriate `as` value and it is preloaded intentionally. @ https://www.sex.com/en/videos?search=chair+orgasm:0
[   71929ms] [WARNING] The resource https://staticp2.sxccdn.com/_next/static/media/b957ea75a84b6ea7-s.p.woff2 was preloaded using link preload but not used within a few seconds from the window's load event. Please make sure it has an appropriate `as` value and it is preloaded intentionally. @ https://www.sex.com/en/videos?search=chair+orgasm:0
[   88823ms] [WARNING] The resource https://staticp2.sxccdn.com/_next/static/media/eafabf029ad39a43-s.p.woff2 was preloaded using link preload but not used within a few seconds from the window's load event. Please make sure it has an appropriate `as` value and it is preloaded intentionally. @ https://www.sex.com/en/videos?search=swing+orgasm:0
[   88824ms] [WARNING] The resource https://staticp2.sxccdn.com/_next/static/media/8888a3826f4a3af4-s.p.woff2 was preloaded using link preload but not used within a few seconds from the window's load event. Please make sure it has an appropriate `as` value and it is preloaded intentionally. @ https://www.sex.com/en/videos?search=swing+orgasm:0
[   88824ms] [WARNING] The resource https://staticp2.sxccdn.com/_next/static/media/0484562807a97172-s.p.woff2 was preloaded using link preload but not used within a few seconds from the window's load event. Please make sure it has an appropriate `as` value and it is preloaded intentionally. @ https://www.sex.com/en/videos?search=swing+orgasm:0
[   88824ms] [WARNING] The resource https://staticp2.sxccdn.com/_next/static/media/b957ea75a84b6ea7-s.p.woff2 was preloaded using link preload but not used within a few seconds from the window's load event. Please make sure it has an appropriate `as` value and it is preloaded intentionally. @ https://www.sex.com/en/videos?search=swing+orgasm:0
[  100140ms] [WARNING] The resource https://staticp2.sxccdn.com/_next/static/media/eafabf029ad39a43-s.p.woff2 was preloaded using link preload but not used within a few seconds from the window's load event. Please make sure it has an appropriate `as` value and it is preloaded intentionally. @ https://www.sex.com/en/videos?search=swing+orgasm:0
[  100140ms] [WARNING] The resource https://staticp2.sxccdn.com/_next/static/media/8888a3826f4a3af4-s.p.woff2 was preloaded using link preload but not used within a few seconds from the window's load event. Please make sure it has an appropriate `as` value and it is preloaded intentionally. @ https://www.sex.com/en/videos?search=swing+orgasm:0
[  100140ms] [WARNING] The resource https://staticp2.sxccdn.com/_next/static/media/0484562807a97172-s.p.woff2 was preloaded using link preload but not used within a few seconds from the window's load event. Please make sure it has an appropriate `as` value and it is preloaded intentionally. @ https://www.sex.com/en/videos?search=swing+orgasm:0
[  100140ms] [WARNING] The resource https://staticp2.sxccdn.com/_next/static/media/b957ea75a84b6ea7-s.p.woff2 was preloaded using link preload but not used within a few seconds from the window's load event. Please make sure it has an appropriate `as` value and it is preloaded intentionally. @ https://www.sex.com/en/videos?search=swing+orgasm:0
[  118079ms] [WARNING] The resource https://staticp2.sxccdn.com/_next/static/media/eafabf029ad39a43-s.p.woff2 was preloaded using link preload but not used within a few seconds from the window's load event. Please make sure it has an appropriate `as` value and it is preloaded intentionally. @ https://www.sex.com/en/videos?search=swing+orgasm:0
[  118079ms] [WARNING] The resource https://staticp2.sxccdn.com/_next/static/media/8888a3826f4a3af4-s.p.woff2 was preloaded using link preload but not used within a few seconds from the window's load event. Please make sure it has an appropriate `as` value and it is preloaded intentionally. @ https://www.sex.com/en/videos?search=swing+orgasm:0
[  118079ms] [WARNING] The resource https://staticp2.sxccdn.com/_next/static/media/0484562807a97172-s.p.woff2 was preloaded using link preload but not used within a few seconds from the window's load event. Please make sure it has an appropriate `as` value and it is preloaded intentionally. @ https://www.sex.com/en/videos?search=swing+orgasm:0
[  118079ms] [WARNING] The resource https://staticp2.sxccdn.com/_next/static/media/b957ea75a84b6ea7-s.p.woff2 was preloaded using link preload but not used within a few seconds from the window's load event. Please make sure it has an appropriate `as` value and it is preloaded intentionally. @ https://www.sex.com/en/videos?search=swing+orgasm:0
[  123441ms] [WARNING] The resource https://staticp2.sxccdn.com/_next/static/media/eafabf029ad39a43-s.p.woff2 was preloaded using link preload but not used within a few seconds from the window's load event. Please make sure it has an appropriate `as` value and it is preloaded intentionally. @ https://www.sex.com/en/videos?search=swing+orgasm:0
[  123441ms] [WARNING] The resource https://staticp2.sxccdn.com/_next/static/media/8888a3826f4a3af4-s.p.woff2 was preloaded using link preload but not used within a few seconds from the window's load event. Please make sure it has an appropriate `as` value and it is preloaded intentionally. @ https://www.sex.com/en/videos?search=swing+orgasm:0
[  123441ms] [WARNING] The resource https://staticp2.sxccdn.com/_next/static/media/0484562807a97172-s.p.woff2 was preloaded using link preload but not used within a few seconds from the window's load event. Please make sure it has an appropriate `as` value and it is preloaded intentionally. @ https://www.sex.com/en/videos?search=swing+orgasm:0
[  123441ms] [WARNING] The resource https://staticp2.sxccdn.com/_next/static/media/b957ea75a84b6ea7-s.p.woff2 was preloaded using link preload but not used within a few seconds from the window's load event. Please make sure it has an appropriate `as` value and it is preloaded intentionally. @ https://www.sex.com/en/videos?search=swing+orgasm:0
[  127825ms] [ERROR] VIDEOJS: ERROR: (CODE:3 MEDIA_ERR_DECODE) The media playback was aborted due to a corruption problem or because the media used features your browser did not support. bt @ https://chaturbate.com/livecampreview/?__trctx=0658d017ad9ca86dbb2335&campaign=fdXb5&disable_sound=0&inhit_token=eyJjYW1wYWlnbiI6ImZkWGI1IiwiZ2VuZGVyIjoiZiIsInRvdXIiOiJBdHMyIiwidHJhY2siOiJkaW50X3RyX3NleC5jb21fd3dfMTExNjQxXzEzNzQxMSJ9%3A1wtyQM%3A9mNw4sMtg1dyWAKyAnh4ioMr2LQxQhV_QxtIiVbDiPM&tour=Ats2&track=dint_tr_sex.com_ww_111641_137411&room=keirasworld:7
[  131247ms] Uncaught Error: Minified React error #418; visit https://react.dev/errors/418?args[]=HTML&args[]= for the full message or use the non-minified dev environment for full errors and additional helpful warnings.
    at s (https://staticp2.sxccdn.com/_next/static/chunks/80683-a0554c5e61c8c6e4.js:0:11774)
    at l (https://staticp2.sxccdn.com/_next/static/chunks/5142-54a05e9786d8e9ea.js:0:1249)
    at ib (https://staticp2.sxccdn.com/_next/static/chunks/4bd1b696-f8468438c0375d3a.js:0:126206)
    at ig (https://staticp2.sxccdn.com/_next/static/chunks/4bd1b696-f8468438c0375d3a.js:0:124110)
    at u9 (https://staticp2.sxccdn.com/_next/static/chunks/4bd1b696-f8468438c0375d3a.js:0:110858)
    at u5 (https://staticp2.sxccdn.com/_next/static/chunks/4bd1b696-f8468438c0375d3a.js:0:110211)
    at iH (https://staticp2.sxccdn.com/_next/static/chunks/4bd1b696-f8468438c0375d3a.js:0:130325)
    at T (https://staticp2.sxccdn.com/_next/static/chunks/32466-b9755d5c59112a90.js:0:2019)
[  131457ms] [ERROR] Not signed in with the identity provider. @ https://www.sex.com/en/videos/939039:0
[  131593ms] [ERROR] [GSI_LOGGER]: FedCM get() rejects with NetworkError: Error retrieving a token. @ https://staticp2.sxccdn.com/_next/static/chunks/92112-0e4f7c5766c1d803.js:2
[  134229ms] [ERROR] Failed to load resource: the server responded with a status of 403 () @ https://www.sex4tokens.com/whitelabels/record_raw_hit/:0
[  134232ms] [ERROR] Failed to load resource: the server responded with a status of 403 () @ https://www.sex4tokens.com/whitelabels/record_raw_hit/:0
[  134242ms] [ERROR] ERROR  Error recording whitelabel hit r: access denied
    at e.onload (https://web2.static.mmcdn.com/cachebust/6784-prod-2ef651141f8a3b9f057b.js:1:632923)
    at XMLHttpRequest.nrWrapper (https://www.sex4tokens.com/livecampreview/?campaign=j25M3&disable_sound=0&include_logo=no&inhit_token=eyJjYW1wYWlnbiI6ImoyNU0zIiwidG91ciI6IkF0czIiLCJ0cmFjayI6ImFkeGFkLTMwMHgyNTAtbmF0aXZlYWR2aWRlby1zZXg0dG9rZW5zIn0%3A1wtySM%3AULR5Fo0QaHN5tZ9kEVt87FkcgOkBLJOEOOckySiGNEo&tour=Ats2&track=adxad-300x250-nativeadvideo-sex4tokens&room=keirasworld:8:20280) @ https://www.sex4tokens.com/livecampreview/?campaign=j25M3&disable_sound=0&include_logo=no&inhit_token=eyJjYW1wYWlnbiI6ImoyNU0zIiwidG91ciI6IkF0czIiLCJ0cmFjayI6ImFkeGFkLTMwMHgyNTAtbmF0aXZlYWR2aWRlby1zZXg0dG9rZW5zIn0%3A1wtySM%3AULR5Fo0QaHN5tZ9kEVt87FkcgOkBLJOEOOckySiGNEo&tour=Ats2&track=adxad-300x250-nativeadvideo-sex4tokens&room=keirasworld:7
[  134245ms] [ERROR] ERROR  Error recording whitelabel hit r: access denied
    at e.onload (https://web2.static.mmcdn.com/cachebust/6784-prod-2ef651141f8a3b9f057b.js:1:632923)
    at XMLHttpRequest.nrWrapper (https://www.sex4tokens.com/livecampreview/?campaign=j25M3&disable_sound=0&include_logo=no&inhit_token=eyJjYW1wYWlnbiI6ImoyNU0zIiwidG91ciI6IkF0czIiLCJ0cmFjayI6ImFkeGFkLTMwMHgyNTAtbmF0aXZlYWR2aWRlby1zZXg0dG9rZW5zIn0%3A1wtySM%3AULR5Fo0QaHN5tZ9kEVt87FkcgOkBLJOEOOckySiGNEo&tour=Ats2&track=adxad-300x250-nativeadvideo-sex4tokens&room=bunnydollstella:8:20280) @ https://www.sex4tokens.com/livecampreview/?campaign=j25M3&disable_sound=0&include_logo=no&inhit_token=eyJjYW1wYWlnbiI6ImoyNU0zIiwidG91ciI6IkF0czIiLCJ0cmFjayI6ImFkeGFkLTMwMHgyNTAtbmF0aXZlYWR2aWRlby1zZXg0dG9rZW5zIn0%3A1wtySM%3AULR5Fo0QaHN5tZ9kEVt87FkcgOkBLJOEOOckySiGNEo&tour=Ats2&track=adxad-300x250-nativeadvideo-sex4tokens&room=bunnydollstella:7
[  135365ms] [ERROR] Failed to load resource: the server responded with a status of 403 () @ https://www.sex4tokens.com/fossil/i/:0
[  135371ms] [ERROR] Failed to load resource: the server responded with a status of 403 () @ https://www.sex4tokens.com/fossil/i/:0
[  168155ms] [WARNING] The resource https://staticp2.sxccdn.com/_next/static/media/eafabf029ad39a43-s.p.woff2 was preloaded using link preload but not used within a few seconds from the window's load event. Please make sure it has an appropriate `as` value and it is preloaded intentionally. @ https://www.sex.com/en/videos/939039:0
[  168155ms] [WARNING] The resource https://staticp2.sxccdn.com/_next/static/media/8888a3826f4a3af4-s.p.woff2 was preloaded using link preload but not used within a few seconds from the window's load event. Please make sure it has an appropriate `as` value and it is preloaded intentionally. @ https://www.sex.com/en/videos/939039:0
[  168155ms] [WARNING] The resource https://staticp2.sxccdn.com/_next/static/media/0484562807a97172-s.p.woff2 was preloaded using link preload but not used within a few seconds from the window's load event. Please make sure it has an appropriate `as` value and it is preloaded intentionally. @ https://www.sex.com/en/videos/939039:0
[  168155ms] [WARNING] The resource https://staticp2.sxccdn.com/_next/static/media/b957ea75a84b6ea7-s.p.woff2 was preloaded using link preload but not used within a few seconds from the window's load event. Please make sure it has an appropriate `as` value and it is preloaded intentionally. @ https://www.sex.com/en/videos/939039:0
[  174200ms] [WARNING] The resource https://staticp2.sxccdn.com/_next/static/media/eafabf029ad39a43-s.p.woff2 was preloaded using link preload but not used within a few seconds from the window's load event. Please make sure it has an appropriate `as` value and it is preloaded intentionally. @ https://www.sex.com/en/videos/939039:0
[  174200ms] [WARNING] The resource https://staticp2.sxccdn.com/_next/static/media/8888a3826f4a3af4-s.p.woff2 was preloaded using link preload but not used within a few seconds from the window's load event. Please make sure it has an appropriate `as` value and it is preloaded intentionally. @ https://www.sex.com/en/videos/939039:0
[  174200ms] [WARNING] The resource https://staticp2.sxccdn.com/_next/static/media/0484562807a97172-s.p.woff2 was preloaded using link preload but not used within a few seconds from the window's load event. Please make sure it has an appropriate `as` value and it is preloaded intentionally. @ https://www.sex.com/en/videos/939039:0
[  174200ms] [WARNING] The resource https://staticp2.sxccdn.com/_next/static/media/b957ea75a84b6ea7-s.p.woff2 was preloaded using link preload but not used within a few seconds from the window's load event. Please make sure it has an appropriate `as` value and it is preloaded intentionally. @ https://www.sex.com/en/videos/939039:0
[  180139ms] [WARNING] The resource https://staticp2.sxccdn.com/_next/static/media/eafabf029ad39a43-s.p.woff2 was preloaded using link preload but not used within a few seconds from the window's load event. Please make sure it has an appropriate `as` value and it is preloaded intentionally. @ https://www.sex.com/en/videos/939039:0
[  180139ms] [WARNING] The resource https://staticp2.sxccdn.com/_next/static/media/8888a3826f4a3af4-s.p.woff2 was preloaded using link preload but not used within a few seconds from the window's load event. Please make sure it has an appropriate `as` value and it is preloaded intentionally. @ https://www.sex.com/en/videos/939039:0
[  180139ms] [WARNING] The resource https://staticp2.sxccdn.com/_next/static/media/0484562807a97172-s.p.woff2 was preloaded using link preload but not used within a few seconds from the window's load event. Please make sure it has an appropriate `as` value and it is preloaded intentionally. @ https://www.sex.com/en/videos/939039:0
[  180139ms] [WARNING] The resource https://staticp2.sxccdn.com/_next/static/media/b957ea75a84b6ea7-s.p.woff2 was preloaded using link preload but not used within a few seconds from the window's load event. Please make sure it has an appropriate `as` value and it is preloaded intentionally. @ https://www.sex.com/en/videos/939039:0
[  186044ms] [WARNING] The resource https://staticp2.sxccdn.com/_next/static/media/eafabf029ad39a43-s.p.woff2 was preloaded using link preload but not used within a few seconds from the window's load event. Please make sure it has an appropriate `as` value and it is preloaded intentionally. @ https://www.sex.com/en/videos/939039:0
[  186044ms] [WARNING] The resource https://staticp2.sxccdn.com/_next/static/media/8888a3826f4a3af4-s.p.woff2 was preloaded using link preload but not used within a few seconds from the window's load event. Please make sure it has an appropriate `as` value and it is preloaded intentionally. @ https://www.sex.com/en/videos/939039:0
[  186044ms] [WARNING] The resource https://staticp2.sxccdn.com/_next/static/media/0484562807a97172-s.p.woff2 was preloaded using link preload but not used within a few seconds from the window's load event. Please make sure it has an appropriate `as` value and it is preloaded intentionally. @ https://www.sex.com/en/videos/939039:0
[  186044ms] [WARNING] The resource https://staticp2.sxccdn.com/_next/static/media/b957ea75a84b6ea7-s.p.woff2 was preloaded using link preload but not used within a few seconds from the window's load event. Please make sure it has an appropriate `as` value and it is preloaded intentionally. @ https://www.sex.com/en/videos/939039:0
[  192199ms] [WARNING] The resource https://staticp2.sxccdn.com/_next/static/media/eafabf029ad39a43-s.p.woff2 was preloaded using link preload but not used within a few seconds from the window's load event. Please make sure it has an appropriate `as` value and it is preloaded intentionally. @ https://www.sex.com/en/videos/939039:0
[  192199ms] [WARNING] The resource https://staticp2.sxccdn.com/_next/static/media/8888a3826f4a3af4-s.p.woff2 was preloaded using link preload but not used within a few seconds from the window's load event. Please make sure it has an appropriate `as` value and it is preloaded intentionally. @ https://www.sex.com/en/videos/939039:0
[  192199ms] [WARNING] The resource https://staticp2.sxccdn.com/_next/static/media/0484562807a97172-s.p.woff2 was preloaded using link preload but not used within a few seconds from the window's load event. Please make sure it has an appropriate `as` value and it is preloaded intentionally. @ https://www.sex.com/en/videos/939039:0
[  192199ms] [WARNING] The resource https://staticp2.sxccdn.com/_next/static/media/b957ea75a84b6ea7-s.p.woff2 was preloaded using link preload but not used within a few seconds from the window's load event. Please make sure it has an appropriate `as` value and it is preloaded intentionally. @ https://www.sex.com/en/videos/939039:0
[  199578ms] [WARNING] The resource https://staticp2.sxccdn.com/_next/static/media/eafabf029ad39a43-s.p.woff2 was preloaded using link preload but not used within a few seconds from the window's load event. Please make sure it has an appropriate `as` value and it is preloaded intentionally. @ https://www.sex.com/en/videos/939039:0
[  199579ms] [WARNING] The resource https://staticp2.sxccdn.com/_next/static/media/8888a3826f4a3af4-s.p.woff2 was preloaded using link preload but not used within a few seconds from the window's load event. Please make sure it has an appropriate `as` value and it is preloaded intentionally. @ https://www.sex.com/en/videos/939039:0
[  199579ms] [WARNING] The resource https://staticp2.sxccdn.com/_next/static/media/0484562807a97172-s.p.woff2 was preloaded using link preload but not used within a few seconds from the window's load event. Please make sure it has an appropriate `as` value and it is preloaded intentionally. @ https://www.sex.com/en/videos/939039:0
[  199579ms] [WARNING] The resource https://staticp2.sxccdn.com/_next/static/media/b957ea75a84b6ea7-s.p.woff2 was preloaded using link preload but not used within a few seconds from the window's load event. Please make sure it has an appropriate `as` value and it is preloaded intentionally. @ https://www.sex.com/en/videos/939039:0
[  204160ms] [WARNING] The resource https://staticp2.sxccdn.com/_next/static/media/eafabf029ad39a43-s.p.woff2 was preloaded using link preload but not used within a few seconds from the window's load event. Please make sure it has an appropriate `as` value and it is preloaded intentionally. @ https://www.sex.com/en/videos/939039:0
[  204160ms] [WARNING] The resource https://staticp2.sxccdn.com/_next/static/media/8888a3826f4a3af4-s.p.woff2 was preloaded using link preload but not used within a few seconds from the window's load event. Please make sure it has an appropriate `as` value and it is preloaded intentionally. @ https://www.sex.com/en/videos/939039:0
[  204160ms] [WARNING] The resource https://staticp2.sxccdn.com/_next/static/media/0484562807a97172-s.p.woff2 was preloaded using link preload but not used within a few seconds from the window's load event. Please make sure it has an appropriate `as` value and it is preloaded intentionally. @ https://www.sex.com/en/videos/939039:0
[  204160ms] [WARNING] The resource https://staticp2.sxccdn.com/_next/static/media/b957ea75a84b6ea7-s.p.woff2 was preloaded using link preload but not used within a few seconds from the window's load event. Please make sure it has an appropriate `as` value and it is preloaded intentionally. @ https://www.sex.com/en/videos/939039:0
[  210133ms] [WARNING] The resource https://staticp2.sxccdn.com/_next/static/media/eafabf029ad39a43-s.p.woff2 was preloaded using link preload but not used within a few seconds from the window's load event. Please make sure it has an appropriate `as` value and it is preloaded intentionally. @ https://www.sex.com/en/videos/939039:0
[  210133ms] [WARNING] The resource https://staticp2.sxccdn.com/_next/static/media/8888a3826f4a3af4-s.p.woff2 was preloaded using link preload but not used within a few seconds from the window's load event. Please make sure it has an appropriate `as` value and it is preloaded intentionally. @ https://www.sex.com/en/videos/939039:0
[  210133ms] [WARNING] The resource https://staticp2.sxccdn.com/_next/static/media/0484562807a97172-s.p.woff2 was preloaded using link preload but not used within a few seconds from the window's load event. Please make sure it has an appropriate `as` value and it is preloaded intentionally. @ https://www.sex.com/en/videos/939039:0
[  210133ms] [WARNING] The resource https://staticp2.sxccdn.com/_next/static/media/b957ea75a84b6ea7-s.p.woff2 was preloaded using link preload but not used within a few seconds from the window's load event. Please make sure it has an appropriate `as` value and it is preloaded intentionally. @ https://www.sex.com/en/videos/939039:0
[  216122ms] [WARNING] The resource https://staticp2.sxccdn.com/_next/static/media/eafabf029ad39a43-s.p.woff2 was preloaded using link preload but not used within a few seconds from the window's load event. Please make sure it has an appropriate `as` value and it is preloaded intentionally. @ https://www.sex.com/en/videos/939039:0
[  216122ms] [WARNING] The resource https://staticp2.sxccdn.com/_next/static/media/8888a3826f4a3af4-s.p.woff2 was preloaded using link preload but not used within a few seconds from the window's load event. Please make sure it has an appropriate `as` value and it is preloaded intentionally. @ https://www.sex.com/en/videos/939039:0
[  216122ms] [WARNING] The resource https://staticp2.sxccdn.com/_next/static/media/0484562807a97172-s.p.woff2 was preloaded using link preload but not used within a few seconds from the window's load event. Please make sure it has an appropriate `as` value and it is preloaded intentionally. @ https://www.sex.com/en/videos/939039:0
[  216122ms] [WARNING] The resource https://staticp2.sxccdn.com/_next/static/media/b957ea75a84b6ea7-s.p.woff2 was preloaded using link preload but not used within a few seconds from the window's load event. Please make sure it has an appropriate `as` value and it is preloaded intentionally. @ https://www.sex.com/en/videos/939039:0
[  222158ms] [WARNING] The resource https://staticp2.sxccdn.com/_next/static/media/eafabf029ad39a43-s.p.woff2 was preloaded using link preload but not used within a few seconds from the window's load event. Please make sure it has an appropriate `as` value and it is preloaded intentionally. @ https://www.sex.com/en/videos/939039:0
[  222158ms] [WARNING] The resource https://staticp2.sxccdn.com/_next/static/media/8888a3826f4a3af4-s.p.woff2 was preloaded using link preload but not used within a few seconds from the window's load event. Please make sure it has an appropriate `as` value and it is preloaded intentionally. @ https://www.sex.com/en/videos/939039:0
[  222158ms] [WARNING] The resource https://staticp2.sxccdn.com/_next/static/media/0484562807a97172-s.p.woff2 was preloaded using link preload but not used within a few seconds from the window's load event. Please make sure it has an appropriate `as` value and it is preloaded intentionally. @ https://www.sex.com/en/videos/939039:0
[  222158ms] [WARNING] The resource https://staticp2.sxccdn.com/_next/static/media/b957ea75a84b6ea7-s.p.woff2 was preloaded using link preload but not used within a few seconds from the window's load event. Please make sure it has an appropriate `as` value and it is preloaded intentionally. @ https://www.sex.com/en/videos/939039:0
[  235442ms] [WARNING] The resource https://staticp2.sxccdn.com/_next/static/media/eafabf029ad39a43-s.p.woff2 was preloaded using link preload but not used within a few seconds from the window's load event. Please make sure it has an appropriate `as` value and it is preloaded intentionally. @ https://www.sex.com/en/videos/939039:0
[  235442ms] [WARNING] The resource https://staticp2.sxccdn.com/_next/static/media/8888a3826f4a3af4-s.p.woff2 was preloaded using link preload but not used within a few seconds from the window's load event. Please make sure it has an appropriate `as` value and it is preloaded intentionally. @ https://www.sex.com/en/videos/939039:0
[  235442ms] [WARNING] The resource https://staticp2.sxccdn.com/_next/static/media/0484562807a97172-s.p.woff2 was preloaded using link preload but not used within a few seconds from the window's load event. Please make sure it has an appropriate `as` value and it is preloaded intentionally. @ https://www.sex.com/en/videos/939039:0
[  235442ms] [WARNING] The resource https://staticp2.sxccdn.com/_next/static/media/b957ea75a84b6ea7-s.p.woff2 was preloaded using link preload but not used within a few seconds from the window's load event. Please make sure it has an appropriate `as` value and it is preloaded intentionally. @ https://www.sex.com/en/videos/939039:0
[  247199ms] [WARNING] The resource https://staticp2.sxccdn.com/_next/static/media/eafabf029ad39a43-s.p.woff2 was preloaded using link preload but not used within a few seconds from the window's load event. Please make sure it has an appropriate `as` value and it is preloaded intentionally. @ https://www.sex.com/en/videos/939039:0
[  247199ms] [WARNING] The resource https://staticp2.sxccdn.com/_next/static/media/8888a3826f4a3af4-s.p.woff2 was preloaded using link preload but not used within a few seconds from the window's load event. Please make sure it has an appropriate `as` value and it is preloaded intentionally. @ https://www.sex.com/en/videos/939039:0
[  247199ms] [WARNING] The resource https://staticp2.sxccdn.com/_next/static/media/0484562807a97172-s.p.woff2 was preloaded using link preload but not used within a few seconds from the window's load event. Please make sure it has an appropriate `as` value and it is preloaded intentionally. @ https://www.sex.com/en/videos/939039:0
[  247199ms] [WARNING] The resource https://staticp2.sxccdn.com/_next/static/media/b957ea75a84b6ea7-s.p.woff2 was preloaded using link preload but not used within a few seconds from the window's load event. Please make sure it has an appropriate `as` value and it is preloaded intentionally. @ https://www.sex.com/en/videos/939039:0
